#-----------------------------------------------------------
# Vivado v2018.3 (64-bit)
# SW Build 2405991 on Thu Dec  6 23:36:41 MST 2018
# IP Build 2404404 on Fri Dec  7 01:43:56 MST 2018
# Start of session at: Thu May 16 12:30:54 2019
# Process ID: 40133
# Current directory: /curr/dzonilakoni/research_helpers
# Command line: vivado
# Log file: /curr/dzonilakoni/research_helpers/vivado.log
# Journal file: /curr/dzonilakoni/research_helpers/vivado.jou
#-----------------------------------------------------------
start_gui
create_project merger_tree_P2_L64 /curr/dzonilakoni/research_helpers/merger_tree_P2_L64 -part xcvu9p-fsgd2104-2L-e
set_property board_part xilinx.com:vcu1525:part0:1.2 [current_project]
add_files -norecurse {/curr/dzonilakoni/research_helpers/verilog/BITONIC_NETWORK_4.v /curr/dzonilakoni/research_helpers/verilog/MERGER_TREE_P2_L64.v /curr/dzonilakoni/research_helpers/verilog/BITONIC_NETWORK.v /curr/dzonilakoni/research_helpers/verilog/CONTROL.v /curr/dzonilakoni/research_helpers/verilog/MERGER.v /curr/dzonilakoni/research_helpers/verilog/FIFO.v /curr/dzonilakoni/research_helpers/verilog/COUPLER.v /curr/dzonilakoni/research_helpers/verilog/MERGER_2.v}
add_files -fileset constrs_1 -norecurse /curr/dzonilakoni/constraints.xdc
update_compile_order -fileset sources_1
set_property -name {STEPS.SYNTH_DESIGN.ARGS.MORE OPTIONS} -value {-mode out_of_context} -objects [get_runs synth_1]
launch_runs impl_1 -jobs 28
wait_on_run impl_1
close_project
create_project merger_tree_P4_L64 /curr/dzonilakoni/research_helpers/merger_tree_P4_L64 -part xcvu9p-fsgd2104-2L-e
set_property board_part xilinx.com:vcu1525:part0:1.2 [current_project]
add_files -norecurse {/curr/dzonilakoni/research_helpers/verilog/BITONIC_NETWORK_4.v /curr/dzonilakoni/research_helpers/verilog/MERGER_4.v /curr/dzonilakoni/research_helpers/verilog/BITONIC_NETWORK.v /curr/dzonilakoni/research_helpers/verilog/BITONIC_NETWORK_8.v /curr/dzonilakoni/research_helpers/verilog/CONTROL.v /curr/dzonilakoni/research_helpers/verilog/MERGER.v /curr/dzonilakoni/research_helpers/verilog/MERGER_TREE_P4_L64.v /curr/dzonilakoni/research_helpers/verilog/FIFO.v /curr/dzonilakoni/research_helpers/verilog/COUPLER.v /curr/dzonilakoni/research_helpers/verilog/MERGER_2.v}
add_files -fileset constrs_1 -norecurse /curr/dzonilakoni/constraints.xdc
update_compile_order -fileset sources_1
set_property -name {STEPS.SYNTH_DESIGN.ARGS.MORE OPTIONS} -value {-mode out_of_context} -objects [get_runs synth_1]
launch_runs impl_1 -jobs 28
wait_on_run impl_1
close_project
create_project merger_tree_P8_L64 /curr/dzonilakoni/research_helpers/merger_tree_P8_L64 -part xcvu9p-fsgd2104-2L-e
set_property board_part xilinx.com:vcu1525:part0:1.2 [current_project]
add_files -norecurse {/curr/dzonilakoni/research_helpers/verilog/BITONIC_NETWORK_4.v /curr/dzonilakoni/research_helpers/verilog/MERGER_4.v /curr/dzonilakoni/research_helpers/verilog/BITONIC_NETWORK.v /curr/dzonilakoni/research_helpers/verilog/BITONIC_NETWORK_8.v /curr/dzonilakoni/research_helpers/verilog/CONTROL.v /curr/dzonilakoni/research_helpers/verilog/MERGER.v /curr/dzonilakoni/research_helpers/verilog/MERGER_8.v /curr/dzonilakoni/research_helpers/verilog/FIFO.v /curr/dzonilakoni/research_helpers/verilog/MERGER_TREE_P8_L64.v /curr/dzonilakoni/research_helpers/verilog/BITONIC_NETWORK_16.v /curr/dzonilakoni/research_helpers/verilog/COUPLER.v /curr/dzonilakoni/research_helpers/verilog/MERGER_2.v}
add_files -fileset constrs_1 -norecurse /curr/dzonilakoni/constraints.xdc
update_compile_order -fileset sources_1
set_property -name {STEPS.SYNTH_DESIGN.ARGS.MORE OPTIONS} -value {-mode out_of_context} -objects [get_runs synth_1]
launch_runs impl_1 -jobs 28
wait_on_run impl_1
close_project
create_project merger_tree_P16_L16 /curr/dzonilakoni/research_helpers/merger_tree_P16_L16 -part xcvu9p-fsgd2104-2L-e
set_property board_part xilinx.com:vcu1525:part0:1.2 [current_project]
add_files -norecurse {/curr/dzonilakoni/research_helpers/verilog/MERGER_4.v /curr/dzonilakoni/research_helpers/verilog/MERGER.v /curr/dzonilakoni/research_helpers/verilog/MERGER_8.v /curr/dzonilakoni/research_helpers/verilog/BITONIC_NETWORK_32.v /curr/dzonilakoni/research_helpers/verilog/MERGER_TREE_P16_L16.v /curr/dzonilakoni/research_helpers/verilog/FIFO.v /curr/dzonilakoni/research_helpers/verilog/BITONIC_NETWORK_4.v /curr/dzonilakoni/research_helpers/verilog/BITONIC_NETWORK.v /curr/dzonilakoni/research_helpers/verilog/BITONIC_NETWORK_8.v /curr/dzonilakoni/research_helpers/verilog/CONTROL.v /curr/dzonilakoni/research_helpers/verilog/MERGER_16.v /curr/dzonilakoni/research_helpers/verilog/BITONIC_NETWORK_16.v /curr/dzonilakoni/research_helpers/verilog/COUPLER.v /curr/dzonilakoni/research_helpers/verilog/MERGER_2.v}
add_files -fileset constrs_1 -norecurse /curr/dzonilakoni/constraints.xdc
update_compile_order -fileset sources_1
set_property -name {STEPS.SYNTH_DESIGN.ARGS.MORE OPTIONS} -value {-mode out_of_context} -objects [get_runs synth_1]
launch_runs impl_1 -jobs 28
wait_on_run impl_1
open_run impl_1
close_project
create_project merger_tree_P32_L4 /curr/dzonilakoni/research_helpers/merger_tree_P32_L4 -part xcvu9p-fsgd2104-2L-e
set_property board_part xilinx.com:vcu1525:part0:1.2 [current_project]
add_files -norecurse {/curr/dzonilakoni/research_helpers/verilog/MERGER_32.v /curr/dzonilakoni/research_helpers/verilog/CONTROL.v /curr/dzonilakoni/research_helpers/verilog/MERGER_8.v /curr/dzonilakoni/research_helpers/verilog/BITONIC_NETWORK_32.v /curr/dzonilakoni/research_helpers/verilog/BITONIC_NETWORK_64.v /curr/dzonilakoni/research_helpers/verilog/FIFO.v /curr/dzonilakoni/research_helpers/verilog/MERGER_TREE_P32_L4.v /curr/dzonilakoni/research_helpers/verilog/MERGER_16.v /curr/dzonilakoni/research_helpers/verilog/BITONIC_NETWORK_16.v /curr/dzonilakoni/research_helpers/verilog/COUPLER.v}
add_files -fileset constrs_1 -norecurse /curr/dzonilakoni/constraints.xdc
update_compile_order -fileset sources_1
set_property -name {STEPS.SYNTH_DESIGN.ARGS.MORE OPTIONS} -value {-mode out_of_context} -objects [get_runs synth_1]
launch_runs impl_1 -jobs 28
wait_on_run impl_1
reset_run synth_1
launch_runs impl_1 -jobs 28
wait_on_run impl_1
open_run impl_1
reset_run synth_1
launch_runs impl_1 -jobs 28
wait_on_run impl_1
