Copyright 1986-2018 Xilinx, Inc. All Rights Reserved.
------------------------------------------------------------------------------------------------------------
| Tool Version : Vivado v.2018.3 (lin64) Build 2405991 Thu Dec  6 23:36:41 MST 2018
| Date         : Sun May 19 11:50:13 2019
| Host         : u7-dzonilakoni running 64-bit Ubuntu 16.04.5 LTS
| Command      : report_drc -file COUPLER_drc_opted.rpt -pb COUPLER_drc_opted.pb -rpx COUPLER_drc_opted.rpx
| Design       : COUPLER
| Device       : xcvu9p-fsgd2104-2L-e
| Speed File   : -2L
| Design State : Synthesized
------------------------------------------------------------------------------------------------------------

Report DRC

Table of Contents
-----------------
1. REPORT SUMMARY
2. REPORT DETAILS

1. REPORT SUMMARY
-----------------
            Netlist: netlist
          Floorplan: design_1
      Design limits: <entire design considered>
           Ruledeck: default
             Max violations: <unlimited>
             Violations found: 0
+------+----------+-------------+------------+
| Rule | Severity | Description | Violations |
+------+----------+-------------+------------+
+------+----------+-------------+------------+

2. REPORT DETAILS
-----------------

